<?xml version="1.0" encoding="UTF-8"?>
<testng-results ignored="0" total="7" passed="7" failed="0" skipped="0">
  <reporter-output>
  </reporter-output>
  <suite started-at="2024-03-01T23:46:53 IST" name="ZCommerce Suite" finished-at="2024-03-01T23:47:06 IST" duration-ms="12835">
    <groups>
    </groups>
    <test started-at="2024-03-01T23:46:53 IST" name="Order Service API Tests" finished-at="2024-03-01T23:47:04 IST" duration-ms="10362">
      <class name="com.sdet.zorder.API_Tests.TestCase01">
        <test-method signature="addValidItemToCart()[pri:0, instance:com.sdet.zorder.API_Tests.TestCase01@89c10b7]" started-at="2024-03-01T23:46:53 IST" name="addValidItemToCart" finished-at="2024-03-01T23:46:58 IST" duration-ms="5008" status="PASS">
          <reporter-output>
          </reporter-output>
        </test-method> <!-- addValidItemToCart -->
        <test-method signature="addInValidItemToCart()[pri:1, instance:com.sdet.zorder.API_Tests.TestCase01@89c10b7]" started-at="2024-03-01T23:46:58 IST" name="addInValidItemToCart" finished-at="2024-03-01T23:47:02 IST" duration-ms="3193" status="PASS">
          <reporter-output>
          </reporter-output>
        </test-method> <!-- addInValidItemToCart -->
      </class> <!-- com.sdet.zorder.API_Tests.TestCase01 -->
      <class name="com.sdet.zorder.API_Tests.TestCase02">
        <test-method signature="addAnOrder()[pri:2, instance:com.sdet.zorder.API_Tests.TestCase02@756cf158]" started-at="2024-03-01T23:47:02 IST" name="addAnOrder" finished-at="2024-03-01T23:47:03 IST" duration-ms="1632" status="PASS">
          <reporter-output>
          </reporter-output>
        </test-method> <!-- addAnOrder -->
        <test-method signature="checkOrder()[pri:0, instance:com.sdet.zorder.API_Tests.TestCase02@756cf158]" started-at="2024-03-01T23:47:03 IST" name="checkOrder" finished-at="2024-03-01T23:47:04 IST" depends-on-methods="com.sdet.zorder.API_Tests.TestCase02.addAnOrder" duration-ms="467" status="PASS">
          <reporter-output>
          </reporter-output>
        </test-method> <!-- checkOrder -->
      </class> <!-- com.sdet.zorder.API_Tests.TestCase02 -->
    </test> <!-- Order Service API Tests -->
    <test started-at="2024-03-01T23:47:04 IST" name="Order Service DB Tests" finished-at="2024-03-01T23:47:06 IST" duration-ms="2431">
      <class name="com.sdet.zorder.DB_Tests.TestCase04">
        <test-method signature="testOrderInsertAndCascadeDelete()[pri:0, instance:com.sdet.zorder.DB_Tests.TestCase04@4b6579e8]" started-at="2024-03-01T23:47:05 IST" name="testOrderInsertAndCascadeDelete" finished-at="2024-03-01T23:47:06 IST" duration-ms="1061" status="PASS">
          <reporter-output>
          </reporter-output>
        </test-method> <!-- testOrderInsertAndCascadeDelete -->
      </class> <!-- com.sdet.zorder.DB_Tests.TestCase04 -->
      <class name="com.sdet.zorder.DB_Tests.TestCase03">
        <test-method signature="checkDbForOrder()[pri:0, instance:com.sdet.zorder.DB_Tests.TestCase03@62dae245]" started-at="2024-03-01T23:47:04 IST" name="checkDbForOrder" finished-at="2024-03-01T23:47:05 IST" duration-ms="1068" status="PASS">
          <reporter-output>
          </reporter-output>
        </test-method> <!-- checkDbForOrder -->
        <test-method signature="testTableCount()[pri:0, instance:com.sdet.zorder.DB_Tests.TestCase03@62dae245]" started-at="2024-03-01T23:47:05 IST" name="testTableCount" finished-at="2024-03-01T23:47:05 IST" duration-ms="299" status="PASS">
          <reporter-output>
          </reporter-output>
        </test-method> <!-- testTableCount -->
      </class> <!-- com.sdet.zorder.DB_Tests.TestCase03 -->
    </test> <!-- Order Service DB Tests -->
  </suite> <!-- ZCommerce Suite -->
</testng-results>
